M0 · Combined hero scenario
  M0 naive    seed  7: wait_for_approval
  M0 naive    seed 17: wait_for_approval
  M0 naive    seed 27: wait_for_approval
  M0 naive    seed 37: wait_for_approval
  M0 naive    seed 47: wait_for_approval
  M0 governed seed  7: wait_for_approval
  M0 governed seed 17: wait_for_approval
  M0 governed seed 27: wait_for_approval
  M0 governed seed 37: wait_for_approval
  M0 governed seed 47: wait_for_approval
M1 · Correct, relevant memory
  M1 naive    seed  7: wait_for_approval
  M1 naive    seed 17: wait_for_approval
  M1 naive    seed 27: wait_for_approval
  M1 naive    seed 37: wait_for_approval
  M1 naive    seed 47: wait_for_approval
  M1 governed seed  7: wait_for_approval
  M1 governed seed 17: wait_for_approval
  M1 governed seed 27: wait_for_approval
  M1 governed seed 37: wait_for_approval
  M1 governed seed 47: wait_for_approval
M2 · Expired memory
  M2 naive    seed  7: wait_for_approval
  M2 naive    seed 17: wait_for_approval
  M2 naive    seed 27: wait_for_approval
  M2 naive    seed 37: wait_for_approval
  M2 naive    seed 47: wait_for_approval
  M2 governed seed  7: wait_for_approval
  M2 governed seed 17: rollback_release_pipeline
  M2 governed seed 27: rollback_release_pipeline
  M2 governed seed 37: rollback_release_pipeline
  M2 governed seed 47: rollback_release_pipeline
M3 · Wrong tenant
  M3 naive    seed  7: wait_for_approval
  M3 naive    seed 17: wait_for_approval
  M3 naive    seed 27: wait_for_approval
  M3 naive    seed 37: wait_for_approval
  M3 naive    seed 47: wait_for_approval
  M3 governed seed  7: rollback_release_pipeline
  M3 governed seed 17: wait_for_approval
  M3 governed seed 27: wait_for_approval
  M3 governed seed 37: wait_for_approval
  M3 governed seed 47: wait_for_approval
M4 · Wrong environment
  M4 naive    seed  7: wait_for_approval
  M4 naive    seed 17: wait_for_approval
  M4 naive    seed 27: wait_for_approval
  M4 naive    seed 37: wait_for_approval
  M4 naive    seed 47: wait_for_approval
  M4 governed seed  7: wait_for_approval
  M4 governed seed 17: wait_for_approval
  M4 governed seed 27: wait_for_approval
  M4 governed seed 37: wait_for_approval
  M4 governed seed 47: wait_for_approval
M5 · Episode vs authoritative runbook
  M5 naive    seed  7: wait_for_approval
  M5 naive    seed 17: wait_for_approval
  M5 naive    seed 27: wait_for_approval
  M5 naive    seed 37: wait_for_approval
  M5 naive    seed 47: wait_for_approval
  M5 governed seed  7: wait_for_approval
  M5 governed seed 17: rollback_release_pipeline
  M5 governed seed 27: rollback_release_pipeline
  M5 governed seed 37: rollback_release_pipeline
  M5 governed seed 47: rollback_release_pipeline
M7 · Superseded memory
  M7 naive    seed  7: wait_for_approval
  M7 naive    seed 17: wait_for_approval
  M7 naive    seed 27: wait_for_approval
  M7 naive    seed 37: wait_for_approval
  M7 naive    seed 47: wait_for_approval
  M7 governed seed  7: rollback_release_pipeline
  M7 governed seed 17: rollback_release_pipeline
  M7 governed seed 27: rollback_release_pipeline
  M7 governed seed 37: rollback_release_pipeline
  M7 governed seed 47: rollback_release_pipeline
M8 · More valid evidence than budget
  M8 naive    seed  7: rollback_release_pipeline
  M8 naive    seed 17: rollback_release_pipeline
  M8 naive    seed 27: rollback_release_pipeline
  M8 naive    seed 37: rollback_release_pipeline
  M8 naive    seed 47: rollback_release_pipeline
  M8 governed seed  7: wait_for_approval
  M8 governed seed 17: wait_for_approval
  M8 governed seed 27: wait_for_approval
  M8 governed seed 37: wait_for_approval
  M8 governed seed 47: wait_for_approval
M9 · Workflow state is not memory
  M9 naive    seed  7: rollback_release_pipeline
  M9 naive    seed 17: rollback_release_pipeline
  M9 naive    seed 27: rollback_release_pipeline
  M9 naive    seed 37: rollback_release_pipeline
  M9 naive    seed 47: rollback_release_pipeline
  M9 governed seed  7: wait_for_approval
  M9 governed seed 17: wait_for_approval
  M9 governed seed 27: wait_for_approval
  M9 governed seed 37: wait_for_approval
  M9 governed seed 47: wait_for_approval
M6 · Memory write path
  M6B naive    seed  7: wait_for_approval
  M6B naive    seed 17: wait_for_approval
  M6B naive    seed 27: wait_for_approval
  M6B naive    seed 37: wait_for_approval
  M6B naive    seed 47: wait_for_approval
  M6B governed seed  7: wait_for_approval
  M6B governed seed 17: wait_for_approval
  M6B governed seed 27: wait_for_approval
  M6B governed seed 37: wait_for_approval
  M6B governed seed 47: wait_for_approval

invariants 10/10 · <chapter>/memory-context-state-poc/runs/2026-09-18-recorded/summary.json
exit 0
